2026-09-22 00:34:16 | INFO     | BOOT      | Shutdown initiated by user.
2026-09-22 00:34:19 | INFO     | BOOT      | Python runtime verified: 3.13.14
2026-09-22 00:34:33 | INFO     | BOOT      | Core dependencies verified.
2026-09-22 00:34:33 | INFO     | BOOT      | Model registry initialized with 5 presets.
2026-09-22 00:34:33 | INFO     | BOOT      | Starting BlindSpot on local port 8501.
2026-09-22 19:24:18 | INFO     | BOOT      | Python runtime verified: 3.13.14
2026-09-22 19:25:20 | INFO     | BOOT      | Core dependencies verified.
2026-09-22 19:25:20 | INFO     | BOOT      | Model registry initialized with 5 presets.
2026-09-22 19:25:21 | INFO     | BOOT      | Starting BlindSpot on local port 8501.
2026-09-22 20:09:28 | INFO     | BOOT      | Shutdown initiated by user.
2026-09-22 20:36:22 | INFO     | BOOT      | Python runtime verified: 3.13.14
2026-09-22 20:37:25 | INFO     | BOOT      | Core dependencies verified.
2026-09-22 20:37:25 | INFO     | BOOT      | Model registry initialized with 5 presets.
2026-09-22 20:37:26 | INFO     | BOOT      | Starting BlindSpot on local port 8501.
2026-09-23 01:26:15 | INFO     | BOOT      | Shutdown initiated by user.
2026-09-23 01:26:21 | INFO     | BOOT      | Python runtime verified: 3.13.14
2026-09-23 01:27:17 | INFO     | BOOT      | Core dependencies verified.
2026-09-23 01:27:17 | INFO     | BOOT      | Model registry initialized with 5 presets.
2026-09-23 01:27:17 | INFO     | BOOT      | Starting BlindSpot on local port 8501.
2026-09-23 03:09:13 | INFO     | BOOT      | Shutdown initiated by user.
2026-09-23 03:09:16 | INFO     | BOOT      | Python runtime verified: 3.13.14
2026-09-23 03:09:23 | INFO     | BOOT      | Core dependencies verified.
2026-09-23 03:09:23 | INFO     | BOOT      | Model registry initialized with 5 presets.
2026-09-23 03:09:23 | INFO     | BOOT      | Starting BlindSpot on local port 8501.
2026-09-23 09:29:42 | INFO     | BOOT      | Python runtime verified: 3.14.4
2026-09-23 09:29:52 | INFO     | BOOT      | Core dependencies verified.
2026-09-23 09:29:52 | INFO     | BOOT      | Model registry initialized with 5 presets.
2026-09-23 09:29:53 | INFO     | BOOT      | Starting BlindSpot on local port 8501.
2026-09-23 09:30:47 | INFO     | BOOT      | Python runtime verified: 3.14.4
2026-09-23 09:30:57 | INFO     | BOOT      | Core dependencies verified.
2026-09-23 09:30:57 | INFO     | BOOT      | Model registry initialized with 5 presets.
2026-09-23 09:56:01 | INFO     | BOOT      | Python runtime verified: 3.14.4
2026-09-23 09:56:11 | INFO     | BOOT      | Core dependencies verified.
2026-09-23 09:56:11 | INFO     | BOOT      | Model registry initialized with 5 presets.
2026-09-23 09:58:37 | INFO     | BOOT      | Python runtime verified: 3.14.4
2026-09-23 09:58:47 | INFO     | BOOT      | Core dependencies verified.
2026-09-23 09:58:47 | INFO     | BOOT      | Model registry initialized with 5 presets.
2026-09-23 09:58:47 | INFO     | BOOT      | Starting BlindSpot on local port 8501.
2026-09-23 21:13:23 | INFO     | BOOT      | Python runtime verified: 3.14.4
2026-09-23 21:13:45 | INFO     | BOOT      | Core dependencies verified.
2026-09-23 21:13:45 | INFO     | BOOT      | Model registry initialized with 5 presets.
2026-09-23 21:13:45 | INFO     | BOOT      | Starting BlindSpot on local port 8501.
2026-09-23 21:22:49 | INFO     | BOOT      | Shutdown initiated by user.
2026-09-23 21:23:30 | INFO     | BOOT      | Python runtime verified: 3.14.4
2026-09-23 21:23:39 | INFO     | BOOT      | Core dependencies verified.
2026-09-23 21:23:39 | INFO     | BOOT      | Model registry initialized with 5 presets.
2026-09-23 21:23:40 | INFO     | BOOT      | Starting BlindSpot on local port 8501.
2026-09-23 21:26:21 | INFO     | BOOT      | Shutdown initiated by user.
2026-09-23 21:27:33 | INFO     | BOOT      | Python runtime verified: 3.14.4
2026-09-23 21:27:43 | INFO     | BOOT      | Core dependencies verified.
2026-09-23 21:27:43 | INFO     | BOOT      | Model registry initialized with 5 presets.
2026-09-23 21:27:43 | INFO     | BOOT      | Starting BlindSpot on local port 8501.
2026-09-23 21:45:14 | INFO     | BOOT      | Shutdown initiated by user.
2026-09-23 21:45:38 | INFO     | BOOT      | Python runtime verified: 3.14.4
2026-09-23 21:45:47 | INFO     | BOOT      | Core dependencies verified.
2026-09-23 21:45:47 | INFO     | BOOT      | Model registry initialized with 5 presets.
2026-09-23 21:45:48 | INFO     | BOOT      | Starting BlindSpot on local port 8501.
2026-09-23 23:49:17 | INFO     | BOOT      | Shutdown initiated by user.
2026-09-23 23:49:25 | INFO     | BOOT      | Python runtime verified: 3.14.4
2026-09-23 23:49:35 | INFO     | BOOT      | Core dependencies verified.
2026-09-23 23:49:35 | INFO     | BOOT      | Model registry initialized with 5 presets.
2026-09-23 23:49:35 | INFO     | BOOT      | Starting BlindSpot on local port 8501.
2026-09-23 23:53:53 | INFO     | BOOT      | Shutdown initiated by user.
2026-09-23 23:53:58 | INFO     | BOOT      | Python runtime verified: 3.14.4
2026-09-23 23:54:09 | INFO     | BOOT      | Core dependencies verified.
2026-09-23 23:54:09 | INFO     | BOOT      | Model registry initialized with 5 presets.
2026-09-23 23:54:09 | INFO     | BOOT      | Starting BlindSpot on local port 8501.
2026-09-24 02:14:46 | INFO     | BOOT      | Python runtime verified: 3.13.14
2026-09-24 02:15:22 | INFO     | BOOT      | Core dependencies verified.
2026-09-24 02:15:22 | INFO     | BOOT      | Model registry initialized with 5 presets.
2026-09-24 02:15:22 | INFO     | BOOT      | Starting BlindSpot on local port 8501.
2026-09-25 14:25:38 | INFO     | BOOT      | Python runtime verified: 3.13.14
2026-09-25 14:26:15 | INFO     | BOOT      | Core dependencies verified.
2026-09-25 14:26:15 | INFO     | BOOT      | Model registry initialized with 5 presets.
2026-09-25 14:26:16 | INFO     | BOOT      | Starting BlindSpot on local port 8501.
2026-09-25 14:53:39 | INFO     | BOOT      | Python runtime verified: 3.13.14
2026-09-25 14:54:27 | INFO     | BOOT      | Core dependencies verified.
2026-09-25 14:54:27 | INFO     | BOOT      | Model registry initialized with 5 presets.
2026-09-25 14:54:28 | INFO     | BOOT      | Starting BlindSpot on local port 8501.
2026-09-25 14:58:33 | INFO     | BOOT      | Shutdown initiated by user.
2026-09-25 14:58:36 | INFO     | BOOT      | Python runtime verified: 3.13.14
2026-09-25 14:58:42 | INFO     | BOOT      | Core dependencies verified.
2026-09-25 14:58:42 | INFO     | BOOT      | Model registry initialized with 5 presets.
2026-09-25 14:58:42 | INFO     | BOOT      | Starting BlindSpot on local port 8501.
2026-09-25 19:34:23 | INFO     | BOOT      | Python runtime verified: 3.14.6
2026-09-25 19:35:13 | INFO     | BOOT      | Core dependencies verified.
2026-09-25 19:35:13 | INFO     | BOOT      | Model registry initialized with 5 presets.
2026-09-25 19:35:13 | INFO     | BOOT      | Starting BlindSpot on local port 8501.
2026-09-25 19:55:01 | INFO     | BOOT      | Shutdown initiated by user.
2026-09-25 20:37:58 | INFO     | BOOT      | Python runtime verified: 3.14.6
2026-09-25 20:39:23 | INFO     | BOOT      | Core dependencies verified.
2026-09-25 20:39:23 | INFO     | BOOT      | Model registry initialized with 5 presets.
2026-09-25 20:39:23 | INFO     | BOOT      | Starting BlindSpot on local port 8501.
2026-09-25 20:55:18 | INFO     | BOOT      | Shutdown initiated by user.
2026-09-25 20:55:22 | INFO     | BOOT      | Python runtime verified: 3.14.6
2026-09-25 20:55:27 | INFO     | BOOT      | Core dependencies verified.
2026-09-25 20:55:27 | INFO     | BOOT      | Model registry initialized with 5 presets.
2026-09-25 20:55:27 | INFO     | BOOT      | Starting BlindSpot on local port 8501.
2026-09-25 22:55:08 | INFO     | BOOT      | Shutdown initiated by user.
2026-09-25 22:55:16 | INFO     | BOOT      | Python runtime verified: 3.14.6
2026-09-25 22:55:51 | INFO     | BOOT      | Core dependencies verified.
2026-09-25 22:55:51 | INFO     | BOOT      | Model registry initialized with 5 presets.
2026-09-25 22:55:52 | INFO     | BOOT      | Starting BlindSpot on local port 8501.
2026-09-26 00:01:58 | INFO     | BOOT      | Shutdown initiated by user.
2026-09-26 00:02:03 | INFO     | BOOT      | Python runtime verified: 3.14.6
2026-09-26 00:02:09 | INFO     | BOOT      | Core dependencies verified.
2026-09-26 00:02:09 | INFO     | BOOT      | Model registry initialized with 5 presets.
2026-09-26 00:02:10 | INFO     | BOOT      | Starting BlindSpot on local port 8501.
2026-09-26 00:19:20 | INFO     | BOOT      | Shutdown initiated by user.
2026-09-26 00:19:23 | INFO     | BOOT      | Python runtime verified: 3.14.6
2026-09-26 00:19:31 | INFO     | BOOT      | Core dependencies verified.
2026-09-26 00:19:31 | INFO     | BOOT      | Model registry initialized with 5 presets.
2026-09-26 00:19:32 | INFO     | BOOT      | Starting BlindSpot on local port 8501.
2026-09-26 14:26:10 | INFO     | BOOT      | Python runtime verified: 3.14.6
2026-09-26 14:27:52 | INFO     | BOOT      | Core dependencies verified.
2026-09-26 14:27:52 | INFO     | BOOT      | Model registry initialized with 5 presets.
2026-09-26 14:27:53 | INFO     | BOOT      | Starting BlindSpot on local port 8501.
2026-09-27 12:50:53 | INFO     | BOOT      | Python runtime verified: 3.14.6
2026-09-27 12:50:59 | INFO     | BOOT      | Core dependencies verified.
2026-09-27 12:50:59 | INFO     | BOOT      | Model registry initialized with 5 presets.
2026-09-27 12:50:59 | INFO     | BOOT      | Starting BlindSpot on local port 8501.
2026-09-27 21:23:23 | INFO     | BOOT      | Shutdown initiated by user.
2026-09-27 21:23:30 | INFO     | BOOT      | Python runtime verified: 3.14.6
2026-09-27 21:23:37 | INFO     | BOOT      | Core dependencies verified.
2026-09-27 21:23:37 | INFO     | BOOT      | Model registry initialized with 5 presets.
2026-09-27 21:23:38 | INFO     | BOOT      | Starting BlindSpot on local port 8501.
2026-09-27 22:04:43 | INFO     | BOOT      | Shutdown initiated by user.
2026-09-27 22:04:47 | INFO     | BOOT      | Python runtime verified: 3.14.6
2026-09-27 22:04:59 | INFO     | BOOT      | Core dependencies verified.
2026-09-27 22:04:59 | INFO     | BOOT      | Model registry initialized with 5 presets.
2026-09-27 22:04:59 | INFO     | BOOT      | Starting BlindSpot on local port 8501.
2026-09-28 00:13:05 | INFO     | BOOT      | Shutdown initiated by user.
2026-09-28 00:13:09 | INFO     | BOOT      | Python runtime verified: 3.14.6
2026-09-28 00:13:50 | INFO     | BOOT      | Core dependencies verified.
2026-09-28 00:13:50 | INFO     | BOOT      | Model registry initialized with 5 presets.
2026-09-28 00:13:51 | INFO     | BOOT      | Starting BlindSpot on local port 8501.
2026-09-28 00:53:30 | INFO     | BOOT      | Shutdown initiated by user.
2026-09-28 00:53:37 | INFO     | BOOT      | Python runtime verified: 3.14.6
2026-09-28 00:53:47 | INFO     | BOOT      | Core dependencies verified.
2026-09-28 00:53:47 | INFO     | BOOT      | Model registry initialized with 5 presets.
2026-09-28 00:53:48 | INFO     | BOOT      | Starting BlindSpot on local port 8501.
2026-09-28 01:55:57 | INFO     | BOOT      | Shutdown initiated by user.
2026-09-28 01:56:02 | INFO     | BOOT      | Python runtime verified: 3.14.6
2026-09-28 01:56:11 | INFO     | BOOT      | Core dependencies verified.
2026-09-28 01:56:11 | INFO     | BOOT      | Model registry initialized with 5 presets.
2026-09-28 01:56:11 | INFO     | BOOT      | Starting BlindSpot on local port 8501.
2026-09-28 02:24:47 | INFO     | BOOT      | Python runtime verified: 3.14.6
2026-09-28 02:24:58 | INFO     | BOOT      | Core dependencies verified.
2026-09-28 02:24:58 | INFO     | BOOT      | Model registry initialized with 5 presets.
2026-09-28 02:24:59 | INFO     | BOOT      | Starting BlindSpot on local port 8501.
2026-09-28 02:30:34 | INFO     | BOOT      | Python runtime verified: 3.14.6
2026-09-28 02:30:48 | INFO     | BOOT      | Core dependencies verified.
2026-09-28 02:30:48 | INFO     | BOOT      | Model registry initialized with 5 presets.
2026-09-28 02:30:48 | INFO     | BOOT      | Starting BlindSpot on local port 8501.
2026-09-28 02:41:50 | INFO     | BOOT      | Python runtime verified: 3.14.6
2026-09-28 02:41:58 | INFO     | BOOT      | Core dependencies verified.
2026-09-28 02:41:58 | INFO     | BOOT      | Model registry initialized with 5 presets.
2026-09-28 02:49:33 | INFO     | BOOT      | Python runtime verified: 3.14.6
2026-09-28 02:49:48 | INFO     | BOOT      | Core dependencies verified.
2026-09-28 02:49:48 | INFO     | BOOT      | Model registry initialized with 5 presets.
2026-09-28 02:49:48 | INFO     | BOOT      | Starting BlindSpot on local port 8501.
2026-09-28 02:56:31 | INFO     | BOOT      | Python runtime verified: 3.14.6
2026-09-28 02:56:43 | INFO     | BOOT      | Core dependencies verified.
2026-09-28 02:56:43 | INFO     | BOOT      | Model registry initialized with 5 presets.
2026-09-28 02:57:22 | INFO     | BOOT      | Python runtime verified: 3.14.6
2026-09-28 02:57:30 | INFO     | BOOT      | Core dependencies verified.
2026-09-28 02:57:30 | INFO     | BOOT      | Model registry initialized with 5 presets.
2026-09-28 02:57:31 | INFO     | BOOT      | Starting BlindSpot on local port 8501.
2026-09-28 03:01:50 | INFO     | BOOT      | Python runtime verified: 3.14.6
2026-09-28 03:01:56 | INFO     | BOOT      | Core dependencies verified.
2026-09-28 03:01:56 | INFO     | BOOT      | Model registry initialized with 5 presets.
2026-09-28 03:42:24 | INFO     | BOOT      | Python runtime verified: 3.14.6
2026-09-28 03:43:24 | INFO     | BOOT      | Core dependencies verified.
2026-09-28 03:43:24 | INFO     | BOOT      | Model registry initialized with 5 presets.
2026-09-28 04:33:20 | INFO     | BOOT      | Python runtime verified: 3.14.6
2026-09-28 04:33:26 | INFO     | BOOT      | Core dependencies verified.
2026-09-28 04:33:26 | INFO     | BOOT      | Model registry initialized with 5 presets.
2026-09-28 04:33:26 | INFO     | BOOT      | Starting BlindSpot on local port 8501.
2026-09-28 04:44:19 | INFO     | BOOT      | Shutdown initiated by user.
2026-09-28 04:44:23 | INFO     | BOOT      | Python runtime verified: 3.14.6
2026-09-28 04:44:27 | INFO     | BOOT      | Core dependencies verified.
2026-09-28 04:44:27 | INFO     | BOOT      | Model registry initialized with 5 presets.
2026-09-28 04:44:27 | INFO     | BOOT      | Starting BlindSpot on local port 8501.
2026-09-28 04:45:02 | INFO     | BOOT      | Shutdown initiated by user.
2026-09-28 04:45:05 | INFO     | BOOT      | Python runtime verified: 3.14.6
2026-09-28 04:45:10 | INFO     | BOOT      | Core dependencies verified.
2026-09-28 04:45:10 | INFO     | BOOT      | Model registry initialized with 5 presets.
2026-09-28 04:45:10 | INFO     | BOOT      | Starting BlindSpot on local port 8501.
2026-09-28 04:45:28 | INFO     | BOOT      | Shutdown initiated by user.
2026-09-28 04:46:01 | INFO     | BOOT      | Python runtime verified: 3.14.6
2026-09-28 04:46:06 | INFO     | BOOT      | Core dependencies verified.
2026-09-28 04:46:06 | INFO     | BOOT      | Model registry initialized with 5 presets.
2026-09-28 04:46:06 | INFO     | BOOT      | Starting BlindSpot on local port 8501.
2026-09-28 04:48:48 | INFO     | BOOT      | Python runtime verified: 3.14.6
2026-09-28 04:48:53 | INFO     | BOOT      | Core dependencies verified.
2026-09-28 04:48:53 | INFO     | BOOT      | Model registry initialized with 5 presets.
